main.cpp:71:6:void display7SEG(int)	16	static
main.cpp:154:6:void update7SEG(int)	16	static
main.cpp:192:6:void updateClockBuffer(int, int)	16	static
main.cpp:199:6:void HAL_TIM_PeriodElapsedCallback(TIM_HandleTypeDef*)	16	static
main.cpp:203:5:int main()	24	static
main.cpp:280:6:void SystemClock_Config()	72	static
main.cpp:316:13:void MX_TIM2_Init()	32	static
main.cpp:361:13:void MX_GPIO_Init()	32	static
main.cpp:410:6:void Error_Handler()	4	static,ignoring_inline_asm
main.cpp:419:1:void __static_initialization_and_destruction_0(int, int)	24	static
main.cpp:419:1:cpp)	8	static
