14:01:21 **** Incremental Build of configuration Debug for project Bai2_5 ****
make -j12 all 
arm-none-eabi-gcc "../Core/Src/main.c" -mcpu=cortex-m3 -std=gnu11 -g3 -DDEBUG -DUSE_HAL_DRIVER -DSTM32F103x6 -c -I../Core/Inc -I../Drivers/STM32F1xx_HAL_Driver/Inc -I../Drivers/STM32F1xx_HAL_Driver/Inc/Legacy -I../Drivers/CMSIS/Device/ST/STM32F1xx/Include -I../Drivers/CMSIS/Include -O0 -ffunction-sections -fdata-sections -Wall -fstack-usage -MMD -MP -MF"Core/Src/main.d" -MT"Core/Src/main.o" --specs=nano.specs -mfloat-abi=soft -mthumb -o "Core/Src/main.o"
arm-none-eabi-gcc -o "Bai2_5.elf" @"objects.list"   -mcpu=cortex-m3 -T"C:\Users\ACER\Videos\Bai2_5\STM32F103C6UX_FLASH.ld" --specs=nosys.specs -Wl,-Map="Bai2_5.map" -Wl,--gc-sections -static --specs=nano.specs -mfloat-abi=soft -mthumb -Wl,--start-group -lc -lm -Wl,--end-group
Finished building target: Bai2_5.elf
 
arm-none-eabi-size   Bai2_5.elf 
arm-none-eabi-objdump -h -S  Bai2_5.elf  > "Bai2_5.list"
arm-none-eabi-objcopy  -O binary  Bai2_5.elf  "Bai2_5.bin"
   text	   data	    bss	    dec	    hex	filename
   8364	     36	   1652	  10052	   2744	Bai2_5.elf
Finished building: default.size.stdout
 
Finished building: Bai2_5.bin
Finished building: Bai2_5.list
 
 

14:01:25 Build Finished. 0 errors, 0 warnings. (took 3s.826ms)

