16:04:43 **** Incremental Build of configuration Debug for project Bai2_1 ****
make -j12 all 
arm-none-eabi-gcc "../Core/Src/main.c" -mcpu=cortex-m3 -std=gnu11 -g3 -DDEBUG -DUSE_HAL_DRIVER -DSTM32F103x6 -c -I../Core/Inc -I../Drivers/STM32F1xx_HAL_Driver/Inc -I../Drivers/STM32F1xx_HAL_Driver/Inc/Legacy -I../Drivers/CMSIS/Device/ST/STM32F1xx/Include -I../Drivers/CMSIS/Include -O0 -ffunction-sections -fdata-sections -Wall -fstack-usage -MMD -MP -MF"Core/Src/main.d" -MT"Core/Src/main.o" --specs=nano.specs -mfloat-abi=soft -mthumb -o "Core/Src/main.o"
arm-none-eabi-gcc -o "Bai2_1.elf" @"objects.list"   -mcpu=cortex-m3 -T"C:\Users\ACER\Videos\Bai2_1\STM32F103C6UX_FLASH.ld" --specs=nosys.specs -Wl,-Map="Bai2_1.map" -Wl,--gc-sections -static --specs=nano.specs -mfloat-abi=soft -mthumb -Wl,--start-group -lc -lm -Wl,--end-group
Finished building target: Bai2_1.elf
 
arm-none-eabi-size   Bai2_1.elf 
arm-none-eabi-objdump -h -S  Bai2_1.elf  > "Bai2_1.list"
arm-none-eabi-objcopy  -O ihex  Bai2_1.elf  "Bai2_1.hex"
arm-none-eabi-objcopy  -O binary  Bai2_1.elf  "Bai2_1.bin"
   text	   data	    bss	    dec	    hex	filename
   7796	     20	   1644	   9460	   24f4	Bai2_1.elf
Finished building: default.size.stdout
 
Finished building: Bai2_1.hex
Finished building: Bai2_1.bin
 
Finished building: Bai2_1.list
 
 

16:04:47 Build Finished. 0 errors, 0 warnings. (took 4s.160ms)

