15:32:17 **** Incremental Build of configuration Debug for project Bai6 ****
make -j12 all 
arm-none-eabi-gcc "../Core/Src/main.c" -mcpu=cortex-m3 -std=gnu11 -g3 -DDEBUG -DUSE_HAL_DRIVER -DSTM32F103x6 -c -I../Core/Inc -I../Drivers/STM32F1xx_HAL_Driver/Inc -I../Drivers/STM32F1xx_HAL_Driver/Inc/Legacy -I../Drivers/CMSIS/Device/ST/STM32F1xx/Include -I../Drivers/CMSIS/Include -O0 -ffunction-sections -fdata-sections -Wall -fstack-usage -MMD -MP -MF"Core/Src/main.d" -MT"Core/Src/main.o" --specs=nano.specs -mfloat-abi=soft -mthumb -o "Core/Src/main.o"
arm-none-eabi-gcc -o "Bai6.elf" @"objects.list"   -mcpu=cortex-m3 -T"C:\Users\ACER\Videos\Bai6\STM32F103C6UX_FLASH.ld" --specs=nosys.specs -Wl,-Map="Bai6.map" -Wl,--gc-sections -static --specs=nano.specs -mfloat-abi=soft -mthumb -Wl,--start-group -lc -lm -Wl,--end-group
Finished building target: Bai6.elf
 
arm-none-eabi-size   Bai6.elf 
arm-none-eabi-objdump -h -S  Bai6.elf  > "Bai6.list"
arm-none-eabi-objcopy  -O ihex  Bai6.elf  "Bai6.hex"
arm-none-eabi-objcopy  -O binary  Bai6.elf  "Bai6.bin"
   text	   data	    bss	    dec	    hex	filename
   5276	     20	   1572	   6868	   1ad4	Bai6.elf
Finished building: default.size.stdout
 
Finished building: Bai6.bin
Finished building: Bai6.hex
Finished building: Bai6.list
 
 
 

15:32:21 Build Finished. 0 errors, 0 warnings. (took 4s.659ms)

